npm notice run avyora-beauty@0.1.0 lint
npm notice run eslint .

C:\Users\champ\Desktop\avyora-beauty\docs\audit-2026-10-09\reproduce.mts
  20:19  warning  Unexpected any. Specify a different type  @typescript-eslint/no-explicit-any
  20:26  warning  Unexpected any. Specify a different type  @typescript-eslint/no-explicit-any
  21:17  warning  Unexpected any. Specify a different type  @typescript-eslint/no-explicit-any
  21:23  warning  Unexpected any. Specify a different type  @typescript-eslint/no-explicit-any
  33:10  warning  Unexpected any. Specify a different type  @typescript-eslint/no-explicit-any
  38:29  warning  Unexpected any. Specify a different type  @typescript-eslint/no-explicit-any
  47:22  warning  Unexpected any. Specify a different type  @typescript-eslint/no-explicit-any

C:\Users\champ\Desktop\avyora-beauty\eslint.config.mjs
  7:1  warning  Assign array to a variable before exporting as module default  import/no-anonymous-default-export

C:\Users\champ\Desktop\avyora-beauty\scripts\capture-reference.mjs
  78:5  warning  Expected an assignment or function call and instead saw an expression  @typescript-eslint/no-unused-expressions

C:\Users\champ\Desktop\avyora-beauty\src\app\admin-login\admin-login-form.tsx
  49:9  warning  'callbackUrl' is assigned a value but never used  @typescript-eslint/no-unused-vars

C:\Users\champ\Desktop\avyora-beauty\src\app\api\webhooks\razorpay\route.ts
   48:14  warning  Unexpected any. Specify a different type  @typescript-eslint/no-explicit-any
  115:48  warning  Unexpected any. Specify a different type  @typescript-eslint/no-explicit-any

C:\Users\champ\Desktop\avyora-beauty\src\app\checkout\actions.ts
  6:48  warning  'CreateOrderResult' is defined but never used  @typescript-eslint/no-unused-vars

C:\Users\champ\Desktop\avyora-beauty\src\app\checkout\checkout-client.tsx
   71:20  warning  Unexpected any. Specify a different type  @typescript-eslint/no-explicit-any
  272:48  warning  Unexpected any. Specify a different type  @typescript-eslint/no-explicit-any
  290:32  warning  Unexpected any. Specify a different type  @typescript-eslint/no-explicit-any
  314:52  warning  Unexpected any. Specify a different type  @typescript-eslint/no-explicit-any

C:\Users\champ\Desktop\avyora-beauty\src\app\manager\actions.ts
  7:19  warning  'sql' is defined but never used  @typescript-eslint/no-unused-vars

C:\Users\champ\Desktop\avyora-beauty\src\app\products\[slug]\page.tsx
  47:3  warning  'parent' is defined but never used. Allowed unused args must match /^_/u  @typescript-eslint/no-unused-vars

C:\Users\champ\Desktop\avyora-beauty\src\components\account-menu.tsx
  5:50  warning  'Heart' is defined but never used  @typescript-eslint/no-unused-vars

C:\Users\champ\Desktop\avyora-beauty\src\hooks\use-toast.ts
  21:7  warning  'actionTypes' is assigned a value but only used as a type  @typescript-eslint/no-unused-vars

C:\Users\champ\Desktop\avyora-beauty\src\lib\__tests__\observability.test.ts
  38:11  warning  Unexpected any. Specify a different type  @typescript-eslint/no-explicit-any
  64:15  warning  Unexpected any. Specify a different type  @typescript-eslint/no-explicit-any

C:\Users\champ\Desktop\avyora-beauty\src\lib\__tests__\order-idempotency.integration.test.ts
  160:29  warning  '_omitted' is assigned a value but never used  @typescript-eslint/no-unused-vars

C:\Users\champ\Desktop\avyora-beauty\src\lib\routine-engine.ts
   66:44  warning  Unexpected any. Specify a different type  @typescript-eslint/no-explicit-any
  135:37  warning  Unexpected any. Specify a different type  @typescript-eslint/no-explicit-any

✖ 26 problems (0 errors, 26 warnings)

